// Jest Snapshot v1, https://goo.gl/fbAQLP

exports[`<Div /> render() renders the component 1`] = `<div />`;
