// Jest Snapshot v1, https://goo.gl/fbAQLP

exports[`<ResolvedRequest /> unconnected component test should map the snapshot for the component 1`] = `
<div>
  <Connect(Modal) />
  <div>
    <h1
      className="text-center pt-5"
    >
      Resolved Requests
    </h1>
    <Div
      content={
        Array [
          <div
            className="view-request-div col-10 offset-1 p-0 mb-1 bg-white col-md-6 offset-md-3"
          >
            <div
              className="request-header d-flex flex-row justify-content-between rounded border px-2 py-2 bg-white"
            >
              <strong
                className="font-weight-bold"
              >
                fullname
              </strong>
              <Button
                buttonClass="view-btn rounded text-white bg-success"
                buttonName="view"
                onClick={[Function]}
              />
            </div>
            <div
              className="request-content d-none p-3"
            >
              <dl
                className="request-detail-dl"
              >
                <div
                  className="request-detail-div"
                >
                  <dt
                    className="status-term"
                  >
                    STATUS
                  </dt>
                  <dd
                    className="status-def"
                  >
                    resolved
                  </dd>
                </div>
              </dl>
            </div>
          </div>,
        ]
      }
      divClass="row py-5"
    />
  </div>
</div>
`;
